// Jest Snapshot v1, https://goo.gl/fbAQLP

exports[`Input snapshot testing 1`] = `
<div
  className="style_Input__Mydiv-sc-16lh3s8-2 fBLmbS"
>
  <label
    className="style_Input__Mylabel-sc-16lh3s8-1 hOqvwM"
  >
    snapshot's using label
  </label>
  <input
    className="style_Input__Myinput-sc-16lh3s8-0 cPhQye"
    id={null}
    onBlur={null}
    onChange={null}
    onFocus={null}
    onMouseDown={null}
    placeholder={null}
    type="text"
  />
  <div
    className="style_Input__Helptext-sc-16lh3s8-4 cOpEap"
  >
    <img
      className="style_Input__Myimg-sc-16lh3s8-3 hgYzBU"
      src="test-file-stub"
    />
    <span
      className="style_Input__Divtext-sc-16lh3s8-5 htwQLH"
    >
      helpText Snapshot testing
    </span>
  </div>
</div>
`;
